// Jest Snapshot v1, https://goo.gl/fbAQLP

exports[`PaginationItem renders correctly  1`] = `
<li
  className="page-item mr-1"
>
  <button
    className="page-link "
    onClick={[Function]}
  >
    1
  </button>
</li>
`;
